Working directory: /home/sagemaker-user/UNLV_12302025
Using 8 cores
QA/QC Detection P-value thresholds:
  - Sample filtering: 0.0500 (samples with mean detP > 0.0500 will be removed)
  - CpG/probe filtering: 0.0500 (probes with mean detP > 0.0500 will be removed)
Loading required package: BiocGenerics

Attaching package: ‘BiocGenerics’

The following objects are masked from ‘package:stats’:

    IQR, mad, sd, var, xtabs

The following objects are masked from ‘package:base’:

    anyDuplicated, aperm, append, as.data.frame, basename, cbind,
    colnames, dirname, do.call, duplicated, eval, evalq, Filter, Find,
    get, grep, grepl, intersect, is.unsorted, lapply, Map, mapply,
    match, mget, order, paste, pmax, pmax.int, pmin, pmin.int,
    Position, rank, rbind, Reduce, rownames, sapply, saveRDS, setdiff,
    table, tapply, union, unique, unsplit, which.max, which.min

Loading required package: GenomicRanges
Loading required package: stats4
Loading required package: S4Vectors

Attaching package: ‘S4Vectors’

The following object is masked from ‘package:utils’:

    findMatches

The following objects are masked from ‘package:base’:

    expand.grid, I, unname

Loading required package: IRanges
Loading required package: GenomeInfoDb
Loading required package: SummarizedExperiment
Loading required package: MatrixGenerics
Loading required package: matrixStats

Attaching package: ‘MatrixGenerics’

The following objects are masked from ‘package:matrixStats’:

    colAlls, colAnyNAs, colAnys, colAvgsPerRowSet, colCollapse,
    colCounts, colCummaxs, colCummins, colCumprods, colCumsums,
    colDiffs, colIQRDiffs, colIQRs, colLogSumExps, colMadDiffs,
    colMads, colMaxs, colMeans2, colMedians, colMins, colOrderStats,
    colProds, colQuantiles, colRanges, colRanks, colSdDiffs, colSds,
    colSums2, colTabulates, colVarDiffs, colVars, colWeightedMads,
    colWeightedMeans, colWeightedMedians, colWeightedSds,
    colWeightedVars, rowAlls, rowAnyNAs, rowAnys, rowAvgsPerColSet,
    rowCollapse, rowCounts, rowCummaxs, rowCummins, rowCumprods,
    rowCumsums, rowDiffs, rowIQRDiffs, rowIQRs, rowLogSumExps,
    rowMadDiffs, rowMads, rowMaxs, rowMeans2, rowMedians, rowMins,
    rowOrderStats, rowProds, rowQuantiles, rowRanges, rowRanks,
    rowSdDiffs, rowSds, rowSums2, rowTabulates, rowVarDiffs, rowVars,
    rowWeightedMads, rowWeightedMeans, rowWeightedMedians,
    rowWeightedSds, rowWeightedVars

Loading required package: Biobase
Welcome to Bioconductor

    Vignettes contain introductory material; view with
    'browseVignettes()'. To cite Bioconductor, see
    'citation("Biobase")', and for packages 'citation("pkgname")'.


Attaching package: ‘Biobase’

The following object is masked from ‘package:MatrixGenerics’:

    rowMedians

The following objects are masked from ‘package:matrixStats’:

    anyMissing, rowMedians

Loading required package: Biostrings
Loading required package: XVector

Attaching package: ‘Biostrings’

The following object is masked from ‘package:base’:

    strsplit

Loading required package: bumphunter
Loading required package: foreach
Loading required package: iterators
Loading required package: parallel
Loading required package: locfit
locfit 1.5-9.10 	 2024-06-24
Setting options('download.file.method.GEOquery'='auto')
Setting options('GEOquery.inmemory.gpl'=FALSE)

Attaching package: ‘IlluminaHumanMethylationEPICanno.ilm10b4.hg19’

The following objects are masked from ‘package:IlluminaHumanMethylationEPICv2anno.20a1.hg38’:

    Islands.UCSC, Locations, Manifest, Other, SNPs.141CommonSingle,
    SNPs.142CommonSingle, SNPs.144CommonSingle, SNPs.146CommonSingle,
    SNPs.147CommonSingle, SNPs.Illumina

Loading required package: sesameData
Loading required package: ExperimentHub
Loading required package: AnnotationHub
Loading required package: BiocFileCache
Loading required package: dbplyr

Attaching package: ‘AnnotationHub’

The following object is masked from ‘package:Biobase’:

    cache

Loading sesameData.

----------------------------------------------------------
| SEnsible Step-wise Analysis of DNA MEthylation (SeSAMe)
| --------------------------------------------------------
| Please cache auxiliary data by "sesameDataCache()".
| This needs to be done only once per SeSAMe installation.
----------------------------------------------------------

Using pData file: ./UNLV_12302025_pData.csv
Original pData rows: 22
After removing NA rows: 22

========== Downloading IDATs from S3 ==========
209062530091_R06C01_Grn.idat copied from EPICv2 folder
[32m  209062530091_R06C01_Grn.idat copied from EPICv2 folder [0m 
209062530091_R06C01_Red.idat copied from EPICv2 folder
[32m  209062530091_R06C01_Red.idat copied from EPICv2 folder [0m 
209062530091_R07C01_Grn.idat copied from EPICv2 folder
[32m  209062530091_R07C01_Grn.idat copied from EPICv2 folder [0m 
209062530091_R07C01_Red.idat copied from EPICv2 folder
[32m  209062530091_R07C01_Red.idat copied from EPICv2 folder [0m 
209062530091_R08C01_Grn.idat copied from EPICv2 folder
[32m  209062530091_R08C01_Grn.idat copied from EPICv2 folder [0m 
209062530091_R08C01_Red.idat copied from EPICv2 folder
[32m  209062530091_R08C01_Red.idat copied from EPICv2 folder [0m 
209062530092_R01C01_Grn.idat copied from EPICv2 folder
[32m  209062530092_R01C01_Grn.idat copied from EPICv2 folder [0m 
209062530092_R01C01_Red.idat copied from EPICv2 folder
[32m  209062530092_R01C01_Red.idat copied from EPICv2 folder [0m 
209062530092_R02C01_Grn.idat copied from EPICv2 folder
[32m  209062530092_R02C01_Grn.idat copied from EPICv2 folder [0m 
209062530092_R02C01_Red.idat copied from EPICv2 folder
[32m  209062530092_R02C01_Red.idat copied from EPICv2 folder [0m 
209062530092_R03C01_Grn.idat copied from EPICv2 folder
[32m  209062530092_R03C01_Grn.idat copied from EPICv2 folder [0m 
209062530092_R03C01_Red.idat copied from EPICv2 folder
[32m  209062530092_R03C01_Red.idat copied from EPICv2 folder [0m 
209062530092_R04C01_Grn.idat copied from EPICv2 folder
[32m  209062530092_R04C01_Grn.idat copied from EPICv2 folder [0m 
209062530092_R04C01_Red.idat copied from EPICv2 folder
[32m  209062530092_R04C01_Red.idat copied from EPICv2 folder [0m 
209062530092_R05C01_Grn.idat copied from EPICv2 folder
[32m  209062530092_R05C01_Grn.idat copied from EPICv2 folder [0m 
209062530092_R05C01_Red.idat copied from EPICv2 folder
[32m  209062530092_R05C01_Red.idat copied from EPICv2 folder [0m 
209062530092_R06C01_Grn.idat copied from EPICv2 folder
[32m  209062530092_R06C01_Grn.idat copied from EPICv2 folder [0m 
209062530092_R06C01_Red.idat copied from EPICv2 folder
[32m  209062530092_R06C01_Red.idat copied from EPICv2 folder [0m 
209062530092_R07C01_Grn.idat copied from EPICv2 folder
[32m  209062530092_R07C01_Grn.idat copied from EPICv2 folder [0m 
209062530092_R07C01_Red.idat copied from EPICv2 folder
[32m  209062530092_R07C01_Red.idat copied from EPICv2 folder [0m 
209062530092_R08C01_Grn.idat copied from EPICv2 folder
[32m  209062530092_R08C01_Grn.idat copied from EPICv2 folder [0m 
209062530092_R08C01_Red.idat copied from EPICv2 folder
[32m  209062530092_R08C01_Red.idat copied from EPICv2 folder [0m 
209062530077_R01C01_Grn.idat copied from EPICv2 folder
[32m  209062530077_R01C01_Grn.idat copied from EPICv2 folder [0m 
209062530077_R01C01_Red.idat copied from EPICv2 folder
[32m  209062530077_R01C01_Red.idat copied from EPICv2 folder [0m 
209062530077_R02C01_Grn.idat copied from EPICv2 folder
[32m  209062530077_R02C01_Grn.idat copied from EPICv2 folder [0m 
209062530077_R02C01_Red.idat copied from EPICv2 folder
[32m  209062530077_R02C01_Red.idat copied from EPICv2 folder [0m 
209062530077_R03C01_Grn.idat copied from EPICv2 folder
[32m  209062530077_R03C01_Grn.idat copied from EPICv2 folder [0m 
209062530077_R03C01_Red.idat copied from EPICv2 folder
[32m  209062530077_R03C01_Red.idat copied from EPICv2 folder [0m 
209062530077_R04C01_Grn.idat copied from EPICv2 folder
[32m  209062530077_R04C01_Grn.idat copied from EPICv2 folder [0m 
209062530077_R04C01_Red.idat copied from EPICv2 folder
[32m  209062530077_R04C01_Red.idat copied from EPICv2 folder [0m 
209062530077_R05C01_Grn.idat copied from EPICv2 folder
[32m  209062530077_R05C01_Grn.idat copied from EPICv2 folder [0m 
209062530077_R05C01_Red.idat copied from EPICv2 folder
[32m  209062530077_R05C01_Red.idat copied from EPICv2 folder [0m 
209062530077_R06C01_Grn.idat copied from EPICv2 folder
[32m  209062530077_R06C01_Grn.idat copied from EPICv2 folder [0m 
209062530077_R06C01_Red.idat copied from EPICv2 folder
[32m  209062530077_R06C01_Red.idat copied from EPICv2 folder [0m 
209062530077_R07C01_Grn.idat copied from EPICv2 folder
[32m  209062530077_R07C01_Grn.idat copied from EPICv2 folder [0m 
209062530077_R07C01_Red.idat copied from EPICv2 folder
[32m  209062530077_R07C01_Red.idat copied from EPICv2 folder [0m 
209062530077_R08C01_Grn.idat copied from EPICv2 folder
[32m  209062530077_R08C01_Grn.idat copied from EPICv2 folder [0m 
209062530077_R08C01_Red.idat copied from EPICv2 folder
[32m  209062530077_R08C01_Red.idat copied from EPICv2 folder [0m 
209062520050_R01C01_Grn.idat copied from EPICv2 folder
[32m  209062520050_R01C01_Grn.idat copied from EPICv2 folder [0m 
209062520050_R01C01_Red.idat copied from EPICv2 folder
[32m  209062520050_R01C01_Red.idat copied from EPICv2 folder [0m 
209062520050_R02C01_Grn.idat copied from EPICv2 folder
[32m  209062520050_R02C01_Grn.idat copied from EPICv2 folder [0m 
209062520050_R02C01_Red.idat copied from EPICv2 folder
[32m  209062520050_R02C01_Red.idat copied from EPICv2 folder [0m 
209062520050_R03C01_Grn.idat copied from EPICv2 folder
[32m  209062520050_R03C01_Grn.idat copied from EPICv2 folder [0m 
209062520050_R03C01_Red.idat copied from EPICv2 folder
[32m  209062520050_R03C01_Red.idat copied from EPICv2 folder [0m 

========== S3 Download Complete ==========


========== Array Detection Summary ==========

EPICv2 custom 
           22 

========== Array Filtering Enabled ==========
Target array: EPICv2 custom
Original sample count: 22
Samples matching EPICv2 custom: 22
Samples excluded: 0

No EPICv1 found in pData$Array.

========== Processing EPICv2 custom samples (Two-Track Approach) ==========
QC method: both
Sample filtering threshold: mean detP > 0.0500
CpG filtering threshold: mean detP > 0.0500

Two-track processing:
  Track 1 (Clocks): Permissive - keep all probes, mask & impute bad measurements
  Track 2 (DML):    Stringent  - remove bad quality probes entirely

Warning: SPECIFICITY I probes outside plot range
===== Step 1: Quality Control - Identifying bad samples and CpGs =====
[minfi] No samples failed mean detP > 0.05
[ENmix] Running QCinfo with detPthre = 0.0500, CpGthre = 0.0500
Error in ENmix::QCinfo(rgSet, detPthre = sample_detp_thresh, CpGthre = cpg_detp_thresh) : 
  [QCinfo] The input should be an object of 'rgDataSet' or 'RGChannelSetExtended'
In addition: There were 34 warnings (use warnings() to see them)
Execution halted
